package: name='com.meta.wearable.dat.externalsampleapps.cameraaccess' versionCode='1' versionName='1.0' platformBuildVersionName='16' platformBuildVersionCode='36' compileSdkVersion='36' compileSdkVersionCodename='16'
sdkVersion:'31'
targetSdkVersion:'36'
uses-permission: name='android.permission.BLUETOOTH'
uses-permission: name='android.permission.BLUETOOTH_CONNECT'
uses-permission: name='android.permission.CAMERA'
uses-permission: name='android.permission.INTERNET'
uses-permission: name='android.permission.RECORD_AUDIO'
uses-permission: name='android.permission.MODIFY_AUDIO_SETTINGS'
uses-permission: name='android.permission.FOREGROUND_SERVICE'
uses-permission: name='android.permission.FOREGROUND_SERVICE_CONNECTED_DEVICE'
uses-permission: name='android.permission.FOREGROUND_SERVICE_MICROPHONE'
uses-permission: name='android.permission.WAKE_LOCK'
uses-permission: name='android.permission.FOREGROUND_SERVICE_DATA_SYNC'
uses-permission: name='android.permission.ACCESS_NETWORK_STATE'
uses-permission: name='android.permission.RECEIVE_BOOT_COMPLETED'
uses-permission: name='com.meta.wearable.dat.externalsampleapps.cameraaccess.DYNAMIC_RECEIVER_NOT_EXPORTED_PERMISSION'
application-label:'Camera Access'
application-label-af:'Camera Access'
application-label-am:'Camera Access'
application-label-ar:'Camera Access'
application-label-as:'Camera Access'
application-label-az:'Camera Access'
application-label-be:'Camera Access'
application-label-bg:'Camera Access'
application-label-bn:'Camera Access'
application-label-bs:'Camera Access'
application-label-ca:'Camera Access'
application-label-cs:'Camera Access'
application-label-da:'Camera Access'
application-label-de:'Camera Access'
application-label-el:'Camera Access'
application-label-en-AU:'Camera Access'
application-label-en-CA:'Camera Access'
application-label-en-GB:'Camera Access'
application-label-en-IN:'Camera Access'
application-label-en-XC:'Camera Access'
application-label-es:'Camera Access'
application-label-es-ES:'Camera Access'
application-label-es-US:'Camera Access'
application-label-et:'Camera Access'
application-label-eu:'Camera Access'
application-label-fa:'Camera Access'
application-label-fi:'Camera Access'
application-label-fr:'Camera Access'
application-label-fr-CA:'Camera Access'
application-label-gl:'Camera Access'
application-label-gu:'Camera Access'
application-label-hi:'Camera Access'
application-label-hr:'Camera Access'
application-label-hu:'Camera Access'
application-label-hy:'Camera Access'
application-label-in:'Camera Access'
application-label-is:'Camera Access'
application-label-it:'Camera Access'
application-label-iw:'Camera Access'
application-label-ja:'Camera Access'
application-label-ka:'Camera Access'
application-label-kk:'Camera Access'
application-label-km:'Camera Access'
application-label-kn:'Camera Access'
application-label-ko:'Camera Access'
application-label-ky:'Camera Access'
application-label-lo:'Camera Access'
application-label-lt:'Camera Access'
application-label-lv:'Camera Access'
application-label-mk:'Camera Access'
application-label-ml:'Camera Access'
application-label-mn:'Camera Access'
application-label-mr:'Camera Access'
application-label-ms:'Camera Access'
application-label-my:'Camera Access'
application-label-nb:'Camera Access'
application-label-ne:'Camera Access'
application-label-nl:'Camera Access'
application-label-or:'Camera Access'
application-label-pa:'Camera Access'
application-label-pl:'Camera Access'
application-label-pt:'Camera Access'
application-label-pt-BR:'Camera Access'
application-label-pt-PT:'Camera Access'
application-label-ro:'Camera Access'
application-label-ru:'Camera Access'
application-label-si:'Camera Access'
application-label-sk:'Camera Access'
application-label-sl:'Camera Access'
application-label-sq:'Camera Access'
application-label-sr:'Camera Access'
application-label-sr-Latn:'Camera Access'
application-label-sv:'Camera Access'
application-label-sw:'Camera Access'
application-label-ta:'Camera Access'
application-label-te:'Camera Access'
application-label-th:'Camera Access'
application-label-tl:'Camera Access'
application-label-tr:'Camera Access'
application-label-uk:'Camera Access'
application-label-ur:'Camera Access'
application-label-uz:'Camera Access'
application-label-vi:'Camera Access'
application-label-zh-CN:'Camera Access'
application-label-zh-HK:'Camera Access'
application-label-zh-TW:'Camera Access'
application-label-zu:'Camera Access'
application-icon-160:'res/mipmap-anydpi-v26/ic_launcher.xml'
application-icon-240:'res/mipmap-anydpi-v26/ic_launcher.xml'
application-icon-320:'res/mipmap-anydpi-v26/ic_launcher.xml'
application-icon-640:'res/mipmap-anydpi-v26/ic_launcher.xml'
application-icon-65534:'res/mipmap-anydpi-v26/ic_launcher.xml'
application: label='Camera Access' icon='res/mipmap-anydpi-v26/ic_launcher.xml'
application-debuggable
launchable-activity: name='com.meta.wearable.dat.externalsampleapps.cameraaccess.MainActivity'  label='' icon=''
uses-library-not-required:'androidx.window.extensions'
uses-library-not-required:'androidx.window.sidecar'
feature-group: label=''
  uses-feature-not-required: name='android.hardware.camera'
  uses-feature-not-required: name='android.hardware.npu'
  uses-feature: name='android.hardware.bluetooth'
  uses-implied-feature: name='android.hardware.bluetooth' reason='requested android.permission.BLUETOOTH permission, and targetSdkVersion > 4'
  uses-feature: name='android.hardware.faketouch'
  uses-implied-feature: name='android.hardware.faketouch' reason='default feature for all apps'
  uses-feature: name='android.hardware.microphone'
  uses-implied-feature: name='android.hardware.microphone' reason='requested android.permission.RECORD_AUDIO permission'
  uses-feature: name='android.hardware.screen.portrait'
  uses-implied-feature: name='android.hardware.screen.portrait' reason='one or more activities have specified a portrait orientation'
main
other-activities
other-receivers
other-services
supports-screens: 'small' 'normal' 'large' 'xlarge'
supports-any-density: 'true'
locales: '--_--' 'af' 'am' 'ar' 'as' 'az' 'be' 'bg' 'bn' 'bs' 'ca' 'cs' 'da' 'de' 'el' 'en-AU' 'en-CA' 'en-GB' 'en-IN' 'en-XC' 'es' 'es-ES' 'es-US' 'et' 'eu' 'fa' 'fi' 'fr' 'fr-CA' 'gl' 'gu' 'hi' 'hr' 'hu' 'hy' 'in' 'is' 'it' 'iw' 'ja' 'ka' 'kk' 'km' 'kn' 'ko' 'ky' 'lo' 'lt' 'lv' 'mk' 'ml' 'mn' 'mr' 'ms' 'my' 'nb' 'ne' 'nl' 'or' 'pa' 'pl' 'pt' 'pt-BR' 'pt-PT' 'ro' 'ru' 'si' 'sk' 'sl' 'sq' 'sr' 'sr-Latn' 'sv' 'sw' 'ta' 'te' 'th' 'tl' 'tr' 'uk' 'ur' 'uz' 'vi' 'zh-CN' 'zh-HK' 'zh-TW' 'zu'
densities: '160' '240' '320' '640' '65534'
native-code: 'arm64-v8a' 'armeabi' 'armeabi-v7a' 'mips' 'mips64' 'x86' 'x86_64'
