INSTRUMENTATION_STATUS: class=com.meta.wearable.dat.externalsampleapps.cameraaccess.libras.RealExperimentalEntreProcessosTest
INSTRUMENTATION_STATUS: current=1
INSTRUMENTATION_STATUS: id=AndroidJUnitRunner
INSTRUMENTATION_STATUS: numtests=1
INSTRUMENTATION_STATUS: stream=
com.meta.wearable.dat.externalsampleapps.cameraaccess.libras.RealExperimentalEntreProcessosTest:
INSTRUMENTATION_STATUS: test=fase2VerificarAntesDeAlterar
INSTRUMENTATION_STATUS_CODE: 1
INSTRUMENTATION_STATUS: class=com.meta.wearable.dat.externalsampleapps.cameraaccess.libras.RealExperimentalEntreProcessosTest
INSTRUMENTATION_STATUS: current=1
INSTRUMENTATION_STATUS: id=AndroidJUnitRunner
INSTRUMENTATION_STATUS: numtests=1
INSTRUMENTATION_STATUS: stream=.
INSTRUMENTATION_STATUS: test=fase2VerificarAntesDeAlterar
INSTRUMENTATION_STATUS_CODE: 0
INSTRUMENTATION_RESULT: etapa4_prova={"pid":19970,"start_elapsed_ms":144887202,"processo_uuid":"a499be90-d0fd-4266-a5e4-c874a3a10afd","execucao":"1a67873a-76aa-414c-8771-5fe8ac8997d3","fase":"fase2VerificarAntesDeAlterar","marcador":"5c4a664e-1844-4800-b25b-dd282739eaf9","limiar":"0.83","identidade_sha256":"8f6ce7ae2539bc1e123f85ba197e4f45b2b0721cae7964e32e997a4da4897b63","identidade":{"aprovado_entrega":false,"calibracao":"ausente_nao_calibrado","checkpoint_sha256":"c7851d8ae9dd46b9aaf222ada2e02f158d69938cfd906aafda4d24779e2ef610","experimental":true,"experimento":"final-s20260917-v1","modelo_sha256":"616d1e1c91d4d081f39e25143c9781c18ee19f460ef7023a6b03e3eb0393da4c","schema":1,"sidecar_sha256":"392228a9302712992f8d6b970305e7f3701b0c739924d9f6db1c2b107454b4ed"},"processo_anterior":{"pid":19808,"start_elapsed_ms":144880410,"processo_uuid":"80c43db6-b02d-472a-875f-4996d7694ca9"},"verificado_antes_de_alterar":true,"cleanup":true}
INSTRUMENTATION_RESULT: stream=

Time: 4.406

OK (1 test)


INSTRUMENTATION_CODE: -1
